{
    "@attr": {
        "tag": "hell",
        "page": 1,
        "user": "Zaratoustre",
        "total": 0,
        "perPage": 50,
        "totalPages": 0
    },
    "albums": {
        "album": []
    }
}
