{
    "artist": [
        {
            "mbid": "",
            "name": "Womb Sounds Heartbeat",
            "url": "https://www.last.fm/music/Womb+Sounds+Heartbeat",
            "playcount": 35,
            "attr": {
                "rank": "1"
            }
        },
        {
            "mbid": "CENSORED17e3",
            "name": "The Gaslight Anthem",
            "url": "https://www.last.fm/music/The+Gaslight+Anthem",
            "playcount": 10,
            "attr": {
                "rank": "2"
            }
        },
        {
            "mbid": "CENSORED40cb",
            "name": "Kacey Musgraves",
            "url": "https://www.last.fm/music/Kacey+Musgraves",
            "playcount": 3,
            "attr": {
                "rank": "3"
            }
        },
        {
            "mbid": "",
            "name": "Ferris & Sylvester",
            "url": "https://www.last.fm/music/Ferris+&+Sylvester",
            "playcount": 2,
            "attr": {
                "rank": "4"
            }
        },
        {
            "mbid": "CENSORED2cc7",
            "name": "Mario",
            "url": "https://www.last.fm/music/Mario",
            "playcount": 2,
            "attr": {
                "rank": "5"
            }
        },
        {
            "mbid": "CENSORED1fed",
            "name": "Nao",
            "url": "https://www.last.fm/music/Nao",
            "playcount": 2,
            "attr": {
                "rank": "6"
            }
        },
        {
            "mbid": "",
            "name": "Amber Mark",
            "url": "https://www.last.fm/music/Amber+Mark",
            "playcount": 1,
            "attr": {
                "rank": "7"
            }
        },
        {
            "mbid": "",
            "name": "Ar'mon & Trey",
            "url": "https://www.last.fm/music/Ar%27mon+&+Trey",
            "playcount": 1,
            "attr": {
                "rank": "8"
            }
        },
        {
            "mbid": "CENSORED299e",
            "name": "Aretha Franklin",
            "url": "https://www.last.fm/music/Aretha+Franklin",
            "playcount": 1,
            "attr": {
                "rank": "9"
            }
        },
        {
            "mbid": "CENSORED1726",
            "name": "Brian Deady",
            "url": "https://www.last.fm/music/Brian+Deady",
            "playcount": 1,
            "attr": {
                "rank": "10"
            }
        },
        {
            "mbid": "",
            "name": "Catherine McGrath",
            "url": "https://www.last.fm/music/Catherine+McGrath",
            "playcount": 1,
            "attr": {
                "rank": "11"
            }
        },
        {
            "mbid": "CENSORED607e",
            "name": "Childish Gambino",
            "url": "https://www.last.fm/music/Childish+Gambino",
            "playcount": 1,
            "attr": {
                "rank": "12"
            }
        },
        {
            "mbid": "",
            "name": "Dram",
            "url": "https://www.last.fm/music/Dram",
            "playcount": 1,
            "attr": {
                "rank": "13"
            }
        },
        {
            "mbid": "",
            "name": "Enno Aare",
            "url": "https://www.last.fm/music/Enno+Aare",
            "playcount": 1,
            "attr": {
                "rank": "14"
            }
        },
        {
            "mbid": "CENSORED0c76",
            "name": "Filmore",
            "url": "https://www.last.fm/music/Filmore",
            "playcount": 1,
            "attr": {
                "rank": "15"
            }
        },
        {
            "mbid": "CENSORED5b1a",
            "name": "Fleetwood Mac",
            "url": "https://www.last.fm/music/Fleetwood+Mac",
            "playcount": 1,
            "attr": {
                "rank": "16"
            }
        },
        {
            "mbid": "CENSORED65ed",
            "name": "Franz Schubert",
            "url": "https://www.last.fm/music/Franz+Schubert",
            "playcount": 1,
            "attr": {
                "rank": "17"
            }
        },
        {
            "mbid": "",
            "name": "Ilham",
            "url": "https://www.last.fm/music/Ilham",
            "playcount": 1,
            "attr": {
                "rank": "18"
            }
        },
        {
            "mbid": "CENSOREDefdd",
            "name": "India.Arie",
            "url": "https://www.last.fm/music/India.Arie",
            "playcount": 1,
            "attr": {
                "rank": "19"
            }
        },
        {
            "mbid": "",
            "name": "Into The Ark",
            "url": "https://www.last.fm/music/Into+The+Ark",
            "playcount": 1,
            "attr": {
                "rank": "20"
            }
        },
        {
            "mbid": "CENSORED05dd",
            "name": "Jackie Wilson",
            "url": "https://www.last.fm/music/Jackie+Wilson",
            "playcount": 1,
            "attr": {
                "rank": "21"
            }
        },
        {
            "mbid": "",
            "name": "JamesDavis",
            "url": "https://www.last.fm/music/JamesDavis",
            "playcount": 1,
            "attr": {
                "rank": "22"
            }
        },
        {
            "mbid": "",
            "name": "Kiana Led\u00e9",
            "url": "https://www.last.fm/music/Kiana+Led%C3%A9",
            "playcount": 1,
            "attr": {
                "rank": "23"
            }
        },
        {
            "mbid": "CENSORED684c",
            "name": "Kylie Minogue",
            "url": "https://www.last.fm/music/Kylie+Minogue",
            "playcount": 1,
            "attr": {
                "rank": "24"
            }
        },
        {
            "mbid": "CENSORED8446",
            "name": "Liza",
            "url": "https://www.last.fm/music/Liza",
            "playcount": 1,
            "attr": {
                "rank": "25"
            }
        },
        {
            "mbid": "CENSOREDb79f",
            "name": "Maddie & Tae",
            "url": "https://www.last.fm/music/Maddie+&+Tae",
            "playcount": 1,
            "attr": {
                "rank": "26"
            }
        },
        {
            "mbid": "",
            "name": "Major.",
            "url": "https://www.last.fm/music/Major.",
            "playcount": 1,
            "attr": {
                "rank": "27"
            }
        },
        {
            "mbid": "CENSOREDd8aa",
            "name": "Marsha Ambrosius",
            "url": "https://www.last.fm/music/Marsha+Ambrosius",
            "playcount": 1,
            "attr": {
                "rank": "28"
            }
        },
        {
            "mbid": "",
            "name": "masego",
            "url": "https://www.last.fm/music/masego",
            "playcount": 1,
            "attr": {
                "rank": "29"
            }
        },
        {
            "mbid": "",
            "name": "Melat",
            "url": "https://www.last.fm/music/Melat",
            "playcount": 1,
            "attr": {
                "rank": "30"
            }
        },
        {
            "mbid": "CENSOREDfd5d",
            "name": "Nikki Blonsky",
            "url": "https://www.last.fm/music/Nikki+Blonsky",
            "playcount": 1,
            "attr": {
                "rank": "31"
            }
        },
        {
            "mbid": "",
            "name": "Njomza",
            "url": "https://www.last.fm/music/Njomza",
            "playcount": 1,
            "attr": {
                "rank": "32"
            }
        },
        {
            "mbid": "CENSOREDebb9",
            "name": "Paul Simon",
            "url": "https://www.last.fm/music/Paul+Simon",
            "playcount": 1,
            "attr": {
                "rank": "33"
            }
        },
        {
            "mbid": "",
            "name": "Queen Naija",
            "url": "https://www.last.fm/music/Queen+Naija",
            "playcount": 1,
            "attr": {
                "rank": "34"
            }
        },
        {
            "mbid": "",
            "name": "R.Lum.R",
            "url": "https://www.last.fm/music/R.Lum.R",
            "playcount": 1,
            "attr": {
                "rank": "35"
            }
        },
        {
            "mbid": "",
            "name": "Ro James",
            "url": "https://www.last.fm/music/Ro+James",
            "playcount": 1,
            "attr": {
                "rank": "36"
            }
        },
        {
            "mbid": "",
            "name": "Ryan Trey",
            "url": "https://www.last.fm/music/Ryan+Trey",
            "playcount": 1,
            "attr": {
                "rank": "37"
            }
        },
        {
            "mbid": "",
            "name": "Sat-B",
            "url": "https://www.last.fm/music/Sat-B",
            "playcount": 1,
            "attr": {
                "rank": "38"
            }
        },
        {
            "mbid": "CENSORED80b9",
            "name": "Sauti Sol",
            "url": "https://www.last.fm/music/Sauti+Sol",
            "playcount": 1,
            "attr": {
                "rank": "39"
            }
        },
        {
            "mbid": "CENSORED87d4",
            "name": "Shawn Stockman",
            "url": "https://www.last.fm/music/Shawn+Stockman",
            "playcount": 1,
            "attr": {
                "rank": "40"
            }
        },
        {
            "mbid": "CENSOREDe986",
            "name": "Stevie Wonder",
            "url": "https://www.last.fm/music/Stevie+Wonder",
            "playcount": 1,
            "attr": {
                "rank": "41"
            }
        },
        {
            "mbid": "",
            "name": "Summer Walker",
            "url": "https://www.last.fm/music/Summer+Walker",
            "playcount": 1,
            "attr": {
                "rank": "42"
            }
        },
        {
            "mbid": "CENSORED7396",
            "name": "Tamia",
            "url": "https://www.last.fm/music/Tamia",
            "playcount": 1,
            "attr": {
                "rank": "43"
            }
        },
        {
            "mbid": "",
            "name": "The Wandering Hearts",
            "url": "https://www.last.fm/music/The+Wandering+Hearts",
            "playcount": 1,
            "attr": {
                "rank": "44"
            }
        },
        {
            "mbid": "CENSOREDae52",
            "name": "The Wild Things",
            "url": "https://www.last.fm/music/The+Wild+Things",
            "playcount": 1,
            "attr": {
                "rank": "45"
            }
        },
        {
            "mbid": "CENSORED3559",
            "name": "Van Morrison",
            "url": "https://www.last.fm/music/Van+Morrison",
            "playcount": 1,
            "attr": {
                "rank": "46"
            }
        },
        {
            "mbid": "",
            "name": "Free Nationals",
            "url": "https://www.last.fm/music/Free+Nationals",
            "playcount": 1,
            "attr": {
                "rank": "47"
            }
        }
    ],
    "attr": {
        "user": "RJ",
        "to_date": "1541764800",
        "from_date": "1541160000"
    }
}
