{
    "@attr": {
        "page": 1,
        "user": "RJ",
        "total": 0,
        "artist": "Trivium",
        "perPage": 50,
        "totalPages": 0
    },
    "track": []
}
