{
    "tag": [
        {
            "name": "bar",
            "url": "https://www.last.fm/tag/bar"
        },
        {
            "name": "foo",
            "url": "https://www.last.fm/tag/foo"
        }
    ],
    "@attr": {
        "artist": "Guns N' Roses"
    }
}
