{
    "data": [
        {
            "name": "Thank U, Next",
            "url": "https://www.last.fm/music/Ariana+Grande/_/Thank+U,+Next",
            "artist": {
                "mbid": "CENSOREDa387",
                "name": "Ariana Grande",
                "url": "https://www.last.fm/music/Ariana+Grande"
            },
            "mbid": "",
            "image": [
                {
                    "size": "small",
                    "text": "https://lastfm-img2.akamaized.net/i/u/34s/CENSORED.png"
                },
                {
                    "size": "medium",
                    "text": "https://lastfm-img2.akamaized.net/i/u/64s/CENSORED.png"
                },
                {
                    "size": "large",
                    "text": "https://lastfm-img2.akamaized.net/i/u/174s/CENSORED.png"
                },
                {
                    "size": "extralarge",
                    "text": "https://lastfm-img2.akamaized.net/i/u/300x300/CENSORED.png"
                }
            ],
            "playcount": 949175,
            "listeners": 67870,
            "duration": 0
        },
        {
            "name": "No Tears Left To Cry",
            "url": "https://www.last.fm/music/Ariana+Grande/_/No+Tears+Left+To+Cry",
            "artist": {
                "mbid": "CENSOREDa387",
                "name": "Ariana Grande",
                "url": "https://www.last.fm/music/Ariana+Grande"
            },
            "mbid": "",
            "image": [
                {
                    "size": "small",
                    "text": "https://lastfm-img2.akamaized.net/i/u/34s/CENSORED.png"
                },
                {
                    "size": "medium",
                    "text": "https://lastfm-img2.akamaized.net/i/u/64s/CENSORED.png"
                },
                {
                    "size": "large",
                    "text": "https://lastfm-img2.akamaized.net/i/u/174s/CENSORED.png"
                },
                {
                    "size": "extralarge",
                    "text": "https://lastfm-img2.akamaized.net/i/u/300x300/CENSORED.png"
                }
            ],
            "playcount": 4522730,
            "listeners": 176928,
            "duration": 0
        },
        {
            "name": "God is a Woman",
            "url": "https://www.last.fm/music/Ariana+Grande/_/God+is+a+Woman",
            "artist": {
                "mbid": "CENSOREDa387",
                "name": "Ariana Grande",
                "url": "https://www.last.fm/music/Ariana+Grande"
            },
            "mbid": "",
            "image": [
                {
                    "size": "small",
                    "text": "https://lastfm-img2.akamaized.net/i/u/34s/CENSORED.png"
                },
                {
                    "size": "medium",
                    "text": "https://lastfm-img2.akamaized.net/i/u/64s/CENSORED.png"
                },
                {
                    "size": "large",
                    "text": "https://lastfm-img2.akamaized.net/i/u/174s/CENSORED.png"
                },
                {
                    "size": "extralarge",
                    "text": "https://lastfm-img2.akamaized.net/i/u/300x300/CENSORED.png"
                }
            ],
            "playcount": 2892496,
            "listeners": 132586,
            "duration": 0
        },
        {
            "name": "SICKO MODE",
            "url": "https://www.last.fm/music/Travi$+Scott/_/SICKO+MODE",
            "artist": {
                "mbid": "CENSOREDe9e6",
                "name": "Travi$ Scott",
                "url": "https://www.last.fm/music/Travi$+Scott"
            },
            "mbid": "",
            "image": [
                {
                    "size": "small",
                    "text": "https://lastfm-img2.akamaized.net/i/u/34s/CENSORED.png"
                },
                {
                    "size": "medium",
                    "text": "https://lastfm-img2.akamaized.net/i/u/64s/CENSORED.png"
                },
                {
                    "size": "large",
                    "text": "https://lastfm-img2.akamaized.net/i/u/174s/CENSORED.png"
                },
                {
                    "size": "extralarge",
                    "text": "https://lastfm-img2.akamaized.net/i/u/300x300/CENSORED.png"
                }
            ],
            "playcount": 1042096,
            "listeners": 101784,
            "duration": 0
        },
        {
            "name": "Taki Taki (with Selena Gomez, Ozuna & Cardi B)",
            "url": "https://www.last.fm/music/DJ+Snake/_/Taki+Taki+(with+Selena+Gomez,+Ozuna+&+Cardi+B)",
            "artist": {
                "mbid": "CENSOREDe690",
                "name": "DJ Snake",
                "url": "https://www.last.fm/music/DJ+Snake"
            },
            "mbid": "",
            "image": [
                {
                    "size": "small",
                    "text": "https://lastfm-img2.akamaized.net/i/u/34s/CENSORED.png"
                },
                {
                    "size": "medium",
                    "text": "https://lastfm-img2.akamaized.net/i/u/64s/CENSORED.png"
                },
                {
                    "size": "large",
                    "text": "https://lastfm-img2.akamaized.net/i/u/174s/CENSORED.png"
                },
                {
                    "size": "extralarge",
                    "text": "https://lastfm-img2.akamaized.net/i/u/300x300/CENSORED.png"
                }
            ],
            "playcount": 510371,
            "listeners": 61890,
            "duration": 0
        },
        {
            "name": "breathin",
            "url": "https://www.last.fm/music/Ariana+Grande/_/breathin",
            "artist": {
                "mbid": "CENSOREDa387",
                "name": "Ariana Grande",
                "url": "https://www.last.fm/music/Ariana+Grande"
            },
            "mbid": "",
            "image": [
                {
                    "size": "small",
                    "text": "https://lastfm-img2.akamaized.net/i/u/34s/CENSORED.png"
                },
                {
                    "size": "medium",
                    "text": "https://lastfm-img2.akamaized.net/i/u/64s/CENSORED.png"
                },
                {
                    "size": "large",
                    "text": "https://lastfm-img2.akamaized.net/i/u/174s/CENSORED.png"
                },
                {
                    "size": "extralarge",
                    "text": "https://lastfm-img2.akamaized.net/i/u/300x300/CENSORED.png"
                }
            ],
            "playcount": 1399210,
            "listeners": 101007,
            "duration": 0
        },
        {
            "name": "Without Me",
            "url": "https://www.last.fm/music/Halsey/_/Without+Me",
            "artist": {
                "mbid": "",
                "name": "Halsey",
                "url": "https://www.last.fm/music/Halsey"
            },
            "mbid": "",
            "image": [
                {
                    "size": "small",
                    "text": "https://lastfm-img2.akamaized.net/i/u/34s/CENSORED.png"
                },
                {
                    "size": "medium",
                    "text": "https://lastfm-img2.akamaized.net/i/u/64s/CENSORED.png"
                },
                {
                    "size": "large",
                    "text": "https://lastfm-img2.akamaized.net/i/u/174s/CENSORED.png"
                },
                {
                    "size": "extralarge",
                    "text": "https://lastfm-img2.akamaized.net/i/u/300x300/CENSORED.png"
                }
            ],
            "playcount": 398699,
            "listeners": 53960,
            "duration": 0
        },
        {
            "name": "Shallow",
            "url": "https://www.last.fm/music/Lady+Gaga/_/Shallow",
            "artist": {
                "mbid": "CENSOREDc848",
                "name": "Lady Gaga",
                "url": "https://www.last.fm/music/Lady+Gaga"
            },
            "mbid": "",
            "image": [
                {
                    "size": "small",
                    "text": "https://lastfm-img2.akamaized.net/i/u/34s/CENSORED.png"
                },
                {
                    "size": "medium",
                    "text": "https://lastfm-img2.akamaized.net/i/u/64s/CENSORED.png"
                },
                {
                    "size": "large",
                    "text": "https://lastfm-img2.akamaized.net/i/u/174s/CENSORED.png"
                },
                {
                    "size": "extralarge",
                    "text": "https://lastfm-img2.akamaized.net/i/u/300x300/CENSORED.png"
                }
            ],
            "playcount": 712282,
            "listeners": 59930,
            "duration": 0
        },
        {
            "name": "Happier",
            "url": "https://www.last.fm/music/Marshmello/_/Happier",
            "artist": {
                "mbid": "",
                "name": "Marshmello",
                "url": "https://www.last.fm/music/Marshmello"
            },
            "mbid": "",
            "image": [
                {
                    "size": "small",
                    "text": "https://lastfm-img2.akamaized.net/i/u/34s/CENSORED.png"
                },
                {
                    "size": "medium",
                    "text": "https://lastfm-img2.akamaized.net/i/u/64s/CENSORED.png"
                },
                {
                    "size": "large",
                    "text": "https://lastfm-img2.akamaized.net/i/u/174s/CENSORED.png"
                },
                {
                    "size": "extralarge",
                    "text": "https://lastfm-img2.akamaized.net/i/u/300x300/CENSORED.png"
                }
            ],
            "playcount": 453310,
            "listeners": 76750,
            "duration": 0
        },
        {
            "name": "Kiss and Make Up",
            "url": "https://www.last.fm/music/Dua+Lipa/_/Kiss+and+Make+Up",
            "artist": {
                "mbid": "",
                "name": "Dua Lipa",
                "url": "https://www.last.fm/music/Dua+Lipa"
            },
            "mbid": "",
            "image": [
                {
                    "size": "small",
                    "text": "https://lastfm-img2.akamaized.net/i/u/34s/CENSORED.png"
                },
                {
                    "size": "medium",
                    "text": "https://lastfm-img2.akamaized.net/i/u/64s/CENSORED.png"
                },
                {
                    "size": "large",
                    "text": "https://lastfm-img2.akamaized.net/i/u/174s/CENSORED.png"
                },
                {
                    "size": "extralarge",
                    "text": "https://lastfm-img2.akamaized.net/i/u/300x300/CENSORED.png"
                }
            ],
            "playcount": 383838,
            "listeners": 43019,
            "duration": 0
        },
        {
            "name": "Mr. Brightside",
            "url": "https://www.last.fm/music/The+Killers/_/Mr.+Brightside",
            "artist": {
                "mbid": "CENSORED116b",
                "name": "The Killers",
                "url": "https://www.last.fm/music/The+Killers"
            },
            "mbid": "CENSORED45a8",
            "image": [
                {
                    "size": "small",
                    "text": "https://lastfm-img2.akamaized.net/i/u/34s/CENSORED.png"
                },
                {
                    "size": "medium",
                    "text": "https://lastfm-img2.akamaized.net/i/u/64s/CENSORED.png"
                },
                {
                    "size": "large",
                    "text": "https://lastfm-img2.akamaized.net/i/u/174s/CENSORED.png"
                },
                {
                    "size": "extralarge",
                    "text": "https://lastfm-img2.akamaized.net/i/u/300x300/CENSORED.png"
                }
            ],
            "playcount": 17608636,
            "listeners": 1945174,
            "duration": 224
        },
        {
            "name": "Better",
            "url": "https://www.last.fm/music/Khalid/_/Better",
            "artist": {
                "mbid": "CENSORED9770",
                "name": "Khalid",
                "url": "https://www.last.fm/music/Khalid"
            },
            "mbid": "",
            "image": [
                {
                    "size": "small",
                    "text": "https://lastfm-img2.akamaized.net/i/u/34s/CENSORED.png"
                },
                {
                    "size": "medium",
                    "text": "https://lastfm-img2.akamaized.net/i/u/64s/CENSORED.png"
                },
                {
                    "size": "large",
                    "text": "https://lastfm-img2.akamaized.net/i/u/174s/CENSORED.png"
                },
                {
                    "size": "extralarge",
                    "text": "https://lastfm-img2.akamaized.net/i/u/300x300/CENSORED.png"
                }
            ],
            "playcount": 319162,
            "listeners": 58477,
            "duration": 0
        },
        {
            "name": "Woman Like Me (feat. Nicki Minaj)",
            "url": "https://www.last.fm/music/Little+Mix/_/Woman+Like+Me+(feat.+Nicki+Minaj)",
            "artist": {
                "mbid": "CENSOREDb675",
                "name": "Little Mix",
                "url": "https://www.last.fm/music/Little+Mix"
            },
            "mbid": "",
            "image": [
                {
                    "size": "small",
                    "text": "https://lastfm-img2.akamaized.net/i/u/34s/CENSORED.png"
                },
                {
                    "size": "medium",
                    "text": "https://lastfm-img2.akamaized.net/i/u/64s/CENSORED.png"
                },
                {
                    "size": "large",
                    "text": "https://lastfm-img2.akamaized.net/i/u/174s/CENSORED.png"
                },
                {
                    "size": "extralarge",
                    "text": "https://lastfm-img2.akamaized.net/i/u/300x300/CENSORED.png"
                }
            ],
            "playcount": 595800,
            "listeners": 41733,
            "duration": 0
        },
        {
            "name": "MIA (feat. Drake)",
            "url": "https://www.last.fm/music/Bad+Bunny/_/MIA+(feat.+Drake)",
            "artist": {
                "mbid": "",
                "name": "Bad Bunny",
                "url": "https://www.last.fm/music/Bad+Bunny"
            },
            "mbid": "",
            "image": [
                {
                    "size": "small",
                    "text": "https://lastfm-img2.akamaized.net/i/u/34s/CENSORED.png"
                },
                {
                    "size": "medium",
                    "text": "https://lastfm-img2.akamaized.net/i/u/64s/CENSORED.png"
                },
                {
                    "size": "large",
                    "text": "https://lastfm-img2.akamaized.net/i/u/174s/CENSORED.png"
                },
                {
                    "size": "extralarge",
                    "text": "https://lastfm-img2.akamaized.net/i/u/300x300/CENSORED.png"
                }
            ],
            "playcount": 178662,
            "listeners": 41026,
            "duration": 0
        },
        {
            "name": "when the party's over",
            "url": "https://www.last.fm/music/Billie+Eilish/_/when+the+party%27s+over",
            "artist": {
                "mbid": "",
                "name": "Billie Eilish",
                "url": "https://www.last.fm/music/Billie+Eilish"
            },
            "mbid": "",
            "image": [
                {
                    "size": "small",
                    "text": "https://lastfm-img2.akamaized.net/i/u/34s/CENSORED.png"
                },
                {
                    "size": "medium",
                    "text": "https://lastfm-img2.akamaized.net/i/u/64s/CENSORED.png"
                },
                {
                    "size": "large",
                    "text": "https://lastfm-img2.akamaized.net/i/u/174s/CENSORED.png"
                },
                {
                    "size": "extralarge",
                    "text": "https://lastfm-img2.akamaized.net/i/u/300x300/CENSORED.png"
                }
            ],
            "playcount": 261018,
            "listeners": 40562,
            "duration": 0
        },
        {
            "name": "I Love It (& Lil Pump)",
            "url": "https://www.last.fm/music/Kanye+West/_/I+Love+It+(&+Lil+Pump)",
            "artist": {
                "mbid": "CENSORED1051",
                "name": "Kanye West",
                "url": "https://www.last.fm/music/Kanye+West"
            },
            "mbid": "",
            "image": [
                {
                    "size": "small",
                    "text": "https://lastfm-img2.akamaized.net/i/u/34s/CENSORED.png"
                },
                {
                    "size": "medium",
                    "text": "https://lastfm-img2.akamaized.net/i/u/64s/CENSORED.png"
                },
                {
                    "size": "large",
                    "text": "https://lastfm-img2.akamaized.net/i/u/174s/CENSORED.png"
                },
                {
                    "size": "extralarge",
                    "text": "https://lastfm-img2.akamaized.net/i/u/300x300/CENSORED.png"
                }
            ],
            "playcount": 558916,
            "listeners": 85976,
            "duration": 0
        },
        {
            "name": "Bohemian Rhapsody - Remastered 2011",
            "url": "https://www.last.fm/music/Queen/_/Bohemian+Rhapsody+-+Remastered+2011",
            "artist": {
                "mbid": "CENSOREDf1a7",
                "name": "Queen",
                "url": "https://www.last.fm/music/Queen"
            },
            "mbid": "",
            "image": [
                {
                    "size": "small",
                    "text": "https://lastfm-img2.akamaized.net/i/u/34s/CENSORED.png"
                },
                {
                    "size": "medium",
                    "text": "https://lastfm-img2.akamaized.net/i/u/64s/CENSORED.png"
                },
                {
                    "size": "large",
                    "text": "https://lastfm-img2.akamaized.net/i/u/174s/CENSORED.png"
                },
                {
                    "size": "extralarge",
                    "text": "https://lastfm-img2.akamaized.net/i/u/300x300/CENSORED.png"
                }
            ],
            "playcount": 1026088,
            "listeners": 229192,
            "duration": 0
        },
        {
            "name": "The Less I Know the Better",
            "url": "https://www.last.fm/music/Tame+Impala/_/The+Less+I+Know+the+Better",
            "artist": {
                "mbid": "CENSOREDef4d",
                "name": "Tame Impala",
                "url": "https://www.last.fm/music/Tame+Impala"
            },
            "mbid": "",
            "image": [
                {
                    "size": "small",
                    "text": "https://lastfm-img2.akamaized.net/i/u/34s/CENSORED.png"
                },
                {
                    "size": "medium",
                    "text": "https://lastfm-img2.akamaized.net/i/u/64s/CENSORED.png"
                },
                {
                    "size": "large",
                    "text": "https://lastfm-img2.akamaized.net/i/u/174s/CENSORED.png"
                },
                {
                    "size": "extralarge",
                    "text": "https://lastfm-img2.akamaized.net/i/u/300x300/CENSORED.png"
                }
            ],
            "playcount": 4045105,
            "listeners": 382539,
            "duration": 0
        },
        {
            "name": "Africa",
            "url": "https://www.last.fm/music/Toto/_/Africa",
            "artist": {
                "mbid": "CENSORED7327",
                "name": "Toto",
                "url": "https://www.last.fm/music/Toto"
            },
            "mbid": "CENSORED3807",
            "image": [
                {
                    "size": "small",
                    "text": "https://lastfm-img2.akamaized.net/i/u/34s/CENSORED.png"
                },
                {
                    "size": "medium",
                    "text": "https://lastfm-img2.akamaized.net/i/u/64s/CENSORED.png"
                },
                {
                    "size": "large",
                    "text": "https://lastfm-img2.akamaized.net/i/u/174s/CENSORED.png"
                },
                {
                    "size": "extralarge",
                    "text": "https://lastfm-img2.akamaized.net/i/u/300x300/CENSORED.png"
                }
            ],
            "playcount": 5784920,
            "listeners": 885706,
            "duration": 236
        },
        {
            "name": "Do I Wanna Know?",
            "url": "https://www.last.fm/music/Arctic+Monkeys/_/Do+I+Wanna+Know%3F",
            "artist": {
                "mbid": "CENSORED298a",
                "name": "Arctic Monkeys",
                "url": "https://www.last.fm/music/Arctic+Monkeys"
            },
            "mbid": "CENSORED1a11",
            "image": [
                {
                    "size": "small",
                    "text": "https://lastfm-img2.akamaized.net/i/u/34s/CENSORED.png"
                },
                {
                    "size": "medium",
                    "text": "https://lastfm-img2.akamaized.net/i/u/64s/CENSORED.png"
                },
                {
                    "size": "large",
                    "text": "https://lastfm-img2.akamaized.net/i/u/174s/CENSORED.png"
                },
                {
                    "size": "extralarge",
                    "text": "https://lastfm-img2.akamaized.net/i/u/300x300/CENSORED.png"
                }
            ],
            "playcount": 11844893,
            "listeners": 867511,
            "duration": 272
        }
    ]
}
