{
    "data": [
        {
            "name": "Einschlafhilfe Baby Sleepy - 60 Minuten",
            "url": "https://www.last.fm/music/Womb+Sounds+Heartbeat/_/Einschlafhilfe+Baby+Sleepy+-+60+Minuten",
            "artist": {
                "mbid": "",
                "name": "Womb Sounds Heartbeat",
                "url": "https://www.last.fm/music/Womb+Sounds+Heartbeat"
            },
            "mbid": "",
            "image": [
                {
                    "size": "small",
                    "text": ""
                },
                {
                    "size": "medium",
                    "text": ""
                },
                {
                    "size": "large",
                    "text": ""
                },
                {
                    "size": "extralarge",
                    "text": ""
                }
            ],
            "playcount": 35,
            "duration": 0,
            "attr": {
                "rank": 1
            }
        }
    ]
}
