{
    "data": [
        {
            "artist": {
                "mbid": "",
                "name": "Womb Sounds Heartbeat"
            },
            "attr": {
                "rank": 1
            },
            "mbid": "",
            "name": "Einschlafhilfe Baby Sleepy",
            "playcount": 35,
            "url": "https://www.last.fm/music/Womb+Sounds+Heartbeat/Einschlafhilfe+Baby+Sleepy"
        },
        {
            "artist": {
                "mbid": "CENSORED17e3",
                "name": "The Gaslight Anthem"
            },
            "attr": {
                "rank": 2
            },
            "mbid": "CENSOREDe0ee",
            "name": "The '59 Sound",
            "playcount": 10,
            "url": "https://www.last.fm/music/The+Gaslight+Anthem/The+%2759+Sound"
        },
        {
            "artist": {
                "mbid": "CENSORED40cb",
                "name": "Kacey Musgraves"
            },
            "attr": {
                "rank": 3
            },
            "mbid": "",
            "name": "Golden Hour",
            "playcount": 2,
            "url": "https://www.last.fm/music/Kacey+Musgraves/Golden+Hour"
        },
        {
            "artist": {
                "mbid": "",
                "name": "Ilham"
            },
            "attr": {
                "rank": 4
            },
            "mbid": "",
            "name": "41-10",
            "playcount": 1,
            "url": "https://www.last.fm/music/Ilham/41-10"
        },
        {
            "artist": {
                "mbid": "CENSORED1fed",
                "name": "Nao"
            },
            "attr": {
                "rank": 5
            },
            "mbid": "",
            "name": "Another Lifetime",
            "playcount": 1,
            "url": "https://www.last.fm/music/Nao/Another+Lifetime"
        },
        {
            "artist": {
                "mbid": "CENSORED299e",
                "name": "Aretha Franklin"
            },
            "attr": {
                "rank": 6
            },
            "mbid": "CENSORED041c",
            "name": "Aretha Now",
            "playcount": 1,
            "url": "https://www.last.fm/music/Aretha+Franklin/Aretha+Now"
        },
        {
            "artist": {
                "mbid": "",
                "name": "Major."
            },
            "attr": {
                "rank": 7
            },
            "mbid": "",
            "name": "Better With You in It",
            "playcount": 1,
            "url": "https://www.last.fm/music/Major./Better+With+You+in+It"
        },
        {
            "artist": {
                "mbid": "CENSORED3559",
                "name": "Van Morrison"
            },
            "attr": {
                "rank": 8
            },
            "mbid": "CENSOREDd4f3",
            "name": "Blowin' Your Mind!",
            "playcount": 1,
            "url": "https://www.last.fm/music/Van+Morrison/Blowin%27+Your+Mind%21"
        },
        {
            "artist": {
                "mbid": "",
                "name": "Into The Ark"
            },
            "attr": {
                "rank": 9
            },
            "mbid": "",
            "name": "Burning Love (Acoustic)",
            "playcount": 1,
            "url": "https://www.last.fm/music/Into+The+Ark/Burning+Love+(Acoustic)"
        },
        {
            "artist": {
                "mbid": "",
                "name": "Amber Mark"
            },
            "attr": {
                "rank": 10
            },
            "mbid": "",
            "name": "Conex\u00e3o - EP",
            "playcount": 1,
            "url": "https://www.last.fm/music/Amber+Mark/Conex%C3%A3o+-+EP"
        },
        {
            "artist": {
                "mbid": "CENSORED0c76",
                "name": "Filmore"
            },
            "attr": {
                "rank": 11
            },
            "mbid": "",
            "name": "Country Song",
            "playcount": 1,
            "url": "https://www.last.fm/music/Filmore/Country+Song"
        },
        {
            "artist": {
                "mbid": "CENSORED2cc7",
                "name": "Mario"
            },
            "attr": {
                "rank": 12
            },
            "mbid": "",
            "name": "Drowning",
            "playcount": 1,
            "url": "https://www.last.fm/music/Mario/Drowning"
        },
        {
            "artist": {
                "mbid": "CENSORED1726",
                "name": "Brian Deady"
            },
            "attr": {
                "rank": 13
            },
            "mbid": "",
            "name": "Eloise (Lean Into the Wave)",
            "playcount": 1,
            "url": "https://www.last.fm/music/Brian+Deady/Eloise+(Lean+Into+the+Wave)"
        },
        {
            "artist": {
                "mbid": "",
                "name": "Enno Aare"
            },
            "attr": {
                "rank": 14
            },
            "mbid": "",
            "name": "Enno Aare",
            "playcount": 1,
            "url": "https://www.last.fm/music/Enno+Aare/Enno+Aare"
        },
        {
            "artist": {
                "mbid": "",
                "name": "Ro James"
            },
            "attr": {
                "rank": 15
            },
            "mbid": "",
            "name": "Excuse Me",
            "playcount": 1,
            "url": "https://www.last.fm/music/Ro+James/Excuse+Me"
        },
        {
            "artist": {
                "mbid": "",
                "name": "Ar'mon & Trey"
            },
            "attr": {
                "rank": 16
            },
            "mbid": "",
            "name": "Forever",
            "playcount": 1,
            "url": "https://www.last.fm/music/Ar%27mon+&+Trey/Forever"
        },
        {
            "artist": {
                "mbid": "CENSORED684c",
                "name": "Kylie Minogue"
            },
            "attr": {
                "rank": 17
            },
            "mbid": "",
            "name": "Golden",
            "playcount": 1,
            "url": "https://www.last.fm/music/Kylie+Minogue/Golden"
        },
        {
            "artist": {
                "mbid": "CENSOREDebb9",
                "name": "Paul Simon"
            },
            "attr": {
                "rank": 18
            },
            "mbid": "",
            "name": "Graceland (25th Anniversary Deluxe Edition)",
            "playcount": 1,
            "url": "https://www.last.fm/music/Paul+Simon/Graceland+(25th+Anniversary+Deluxe+Edition)"
        },
        {
            "artist": {
                "mbid": "CENSOREDfd5d",
                "name": "Nikki Blonsky"
            },
            "attr": {
                "rank": 19
            },
            "mbid": "",
            "name": "Hairspray [Deluxe Capbox (Ex USA)]",
            "playcount": 1,
            "url": "https://www.last.fm/music/Nikki+Blonsky/Hairspray+%5BDeluxe+Capbox+(Ex+USA)%5D"
        },
        {
            "artist": {
                "mbid": "",
                "name": "Queen Naija"
            },
            "attr": {
                "rank": 20
            },
            "mbid": "",
            "name": "Karma",
            "playcount": 1,
            "url": "https://www.last.fm/music/Queen+Naija/Karma"
        },
        {
            "artist": {
                "mbid": "",
                "name": "masego"
            },
            "attr": {
                "rank": 21
            },
            "mbid": "",
            "name": "Lady Lady",
            "playcount": 1,
            "url": "https://www.last.fm/music/masego/Lady+Lady"
        },
        {
            "artist": {
                "mbid": "CENSORED7396",
                "name": "Tamia"
            },
            "attr": {
                "rank": 22
            },
            "mbid": "",
            "name": "Leave It Smokin\u2019",
            "playcount": 1,
            "url": "https://www.last.fm/music/Tamia/Leave+It+Smokin%E2%80%99"
        },
        {
            "artist": {
                "mbid": "",
                "name": "Ferris & Sylvester"
            },
            "attr": {
                "rank": 23
            },
            "mbid": "",
            "name": "Made In Streatham",
            "playcount": 1,
            "url": "https://www.last.fm/music/Ferris+&+Sylvester/Made+In+Streatham"
        },
        {
            "artist": {
                "mbid": "",
                "name": "Melat"
            },
            "attr": {
                "rank": 24
            },
            "mbid": "",
            "name": "Move Me II : The Present",
            "playcount": 1,
            "url": "https://www.last.fm/music/Melat/Move+Me+II+:+The+Present"
        },
        {
            "artist": {
                "mbid": "CENSOREDd8aa",
                "name": "Marsha Ambrosius"
            },
            "attr": {
                "rank": 25
            },
            "mbid": "",
            "name": "Old Times",
            "playcount": 1,
            "url": "https://www.last.fm/music/Marsha+Ambrosius/Old+Times"
        },
        {
            "artist": {
                "mbid": "CENSORED8446",
                "name": "Liza"
            },
            "attr": {
                "rank": 26
            },
            "mbid": "",
            "name": "Passes Me",
            "playcount": 1,
            "url": "https://www.last.fm/music/Liza/Passes+Me"
        },
        {
            "artist": {
                "mbid": "",
                "name": "R.Lum.R"
            },
            "attr": {
                "rank": 27
            },
            "mbid": "",
            "name": "Right Here, I Need To Know",
            "playcount": 1,
            "url": "https://www.last.fm/music/R.Lum.R/Right+Here,+I+Need+To+Know"
        },
        {
            "artist": {
                "mbid": "CENSORED40cb",
                "name": "Kacey Musgraves"
            },
            "attr": {
                "rank": 28
            },
            "mbid": "CENSORED0474",
            "name": "Same Trailer Different Park",
            "playcount": 1,
            "url": "https://www.last.fm/music/Kacey+Musgraves/Same+Trailer+Different+Park"
        },
        {
            "artist": {
                "mbid": "CENSORED65ed",
                "name": "Franz Schubert"
            },
            "attr": {
                "rank": 29
            },
            "mbid": "",
            "name": "Schubert: Piano Sonatas D.840, 850 & 894",
            "playcount": 1,
            "url": "https://www.last.fm/music/Franz+Schubert/Schubert:+Piano+Sonatas+D.840,+850+&+894"
        },
        {
            "artist": {
                "mbid": "",
                "name": "Kiana Led\u00e9"
            },
            "attr": {
                "rank": 30
            },
            "mbid": "",
            "name": "Selfless",
            "playcount": 1,
            "url": "https://www.last.fm/music/Kiana+Led%C3%A9/Selfless"
        },
        {
            "artist": {
                "mbid": "CENSOREDe986",
                "name": "Stevie Wonder"
            },
            "attr": {
                "rank": 31
            },
            "mbid": "",
            "name": "Signed Sealed And Delivered",
            "playcount": 1,
            "url": "https://www.last.fm/music/Stevie+Wonder/Signed+Sealed+And+Delivered"
        },
        {
            "artist": {
                "mbid": "CENSORED607e",
                "name": "Childish Gambino"
            },
            "attr": {
                "rank": 32
            },
            "mbid": "",
            "name": "Summer Pack",
            "playcount": 1,
            "url": "https://www.last.fm/music/Childish+Gambino/Summer+Pack"
        },
        {
            "artist": {
                "mbid": "CENSORED5b1a",
                "name": "Fleetwood Mac"
            },
            "attr": {
                "rank": 33
            },
            "mbid": "",
            "name": "Tango In the Night (Deluxe)",
            "playcount": 1,
            "url": "https://www.last.fm/music/Fleetwood+Mac/Tango+In+the+Night+(Deluxe)"
        },
        {
            "artist": {
                "mbid": "",
                "name": "Dram"
            },
            "attr": {
                "rank": 34
            },
            "mbid": "",
            "name": "That's A Girls Name",
            "playcount": 1,
            "url": "https://www.last.fm/music/Dram/That%27s+A+Girls+Name"
        },
        {
            "artist": {
                "mbid": "CENSORED05dd",
                "name": "Jackie Wilson"
            },
            "attr": {
                "rank": 35
            },
            "mbid": "CENSOREDc2cb",
            "name": "The Ultimate Jackie Wilson",
            "playcount": 1,
            "url": "https://www.last.fm/music/Jackie+Wilson/The+Ultimate+Jackie+Wilson"
        },
        {
            "artist": {
                "mbid": "",
                "name": "The Wandering Hearts"
            },
            "attr": {
                "rank": 36
            },
            "mbid": "",
            "name": "Wild Silence",
            "playcount": 1,
            "url": "https://www.last.fm/music/The+Wandering+Hearts/Wild+Silence"
        },
        {
            "artist": {
                "mbid": "CENSORED80b9",
                "name": "Sauti Sol"
            },
            "attr": {
                "rank": 37
            },
            "mbid": "",
            "name": "Tujiangalie",
            "playcount": 1,
            "url": "https://www.last.fm/music/Sauti+Sol/Tujiangalie"
        },
        {
            "artist": {
                "mbid": "CENSORED1fed",
                "name": "Nao"
            },
            "attr": {
                "rank": 38
            },
            "mbid": "",
            "name": "Make It Out Alive (feat. SiR)",
            "playcount": 1,
            "url": "https://www.last.fm/music/Nao/Make+It+Out+Alive+(feat.+SiR)"
        },
        {
            "artist": {
                "mbid": "",
                "name": "Njomza"
            },
            "attr": {
                "rank": 39
            },
            "mbid": "",
            "name": "Lonely Nights",
            "playcount": 1,
            "url": "https://www.last.fm/music/Njomza/Lonely+Nights"
        },
        {
            "artist": {
                "mbid": "",
                "name": "Ryan Trey"
            },
            "attr": {
                "rank": 40
            },
            "mbid": "",
            "name": "august",
            "playcount": 1,
            "url": "https://www.last.fm/music/Ryan+Trey/august"
        },
        {
            "artist": {
                "mbid": "CENSORED87d4",
                "name": "Shawn Stockman"
            },
            "attr": {
                "rank": 41
            },
            "mbid": "",
            "name": "Feelin Lil Som'n - Single",
            "playcount": 1,
            "url": "https://www.last.fm/music/Shawn+Stockman/Feelin+Lil+Som%27n+-+Single"
        },
        {
            "artist": {
                "mbid": "CENSOREDefdd",
                "name": "India.Arie"
            },
            "attr": {
                "rank": 42
            },
            "mbid": "",
            "name": "That Magic",
            "playcount": 1,
            "url": "https://www.last.fm/music/India.Arie/That+Magic"
        },
        {
            "artist": {
                "mbid": "CENSORED2cc7",
                "name": "Mario"
            },
            "attr": {
                "rank": 43
            },
            "mbid": "",
            "name": "Dancing Shadows",
            "playcount": 1,
            "url": "https://www.last.fm/music/Mario/Dancing+Shadows"
        },
        {
            "artist": {
                "mbid": "",
                "name": "JamesDavis"
            },
            "attr": {
                "rank": 44
            },
            "mbid": "",
            "name": "Speedboat",
            "playcount": 1,
            "url": "https://www.last.fm/music/JamesDavis/Speedboat"
        },
        {
            "artist": {
                "mbid": "",
                "name": "Sat-B"
            },
            "attr": {
                "rank": 45
            },
            "mbid": "",
            "name": "Feel Love",
            "playcount": 1,
            "url": "https://www.last.fm/music/Sat-B/Feel+Love"
        },
        {
            "artist": {
                "mbid": "",
                "name": "Free Nationals"
            },
            "attr": {
                "rank": 46
            },
            "mbid": "",
            "name": "Beauty & Essex (feat. Daniel Caesar & Unknown Mortal Orchestra)",
            "playcount": 1,
            "url": "https://www.last.fm/music/Free+Nationals/Beauty+&+Essex+(feat.+Daniel+Caesar+&+Unknown+Mortal+Orchestra)"
        },
        {
            "artist": {
                "mbid": "",
                "name": "Summer Walker"
            },
            "attr": {
                "rank": 47
            },
            "mbid": "",
            "name": "Last Day Of Summer",
            "playcount": 1,
            "url": "https://www.last.fm/music/Summer+Walker/Last+Day+Of+Summer"
        },
        {
            "artist": {
                "mbid": "",
                "name": "Catherine McGrath"
            },
            "attr": {
                "rank": 48
            },
            "mbid": "",
            "name": "The Acoustics",
            "playcount": 1,
            "url": "https://www.last.fm/music/Catherine+McGrath/The+Acoustics"
        },
        {
            "artist": {
                "mbid": "",
                "name": "Ferris & Sylvester"
            },
            "attr": {
                "rank": 49
            },
            "mbid": "",
            "name": "Burning River",
            "playcount": 1,
            "url": "https://www.last.fm/music/Ferris+&+Sylvester/Burning+River"
        },
        {
            "artist": {
                "mbid": "CENSOREDb79f",
                "name": "Maddie & Tae"
            },
            "attr": {
                "rank": 50
            },
            "mbid": "",
            "name": "Die From A Broken Heart",
            "playcount": 1,
            "url": "https://www.last.fm/music/Maddie+&+Tae/Die+From+A+Broken+Heart"
        },
        {
            "artist": {
                "mbid": "CENSOREDae52",
                "name": "The Wild Things"
            },
            "attr": {
                "rank": 51
            },
            "mbid": "",
            "name": "Better off Alone",
            "playcount": 1,
            "url": "https://www.last.fm/music/The+Wild+Things/Better+off+Alone"
        }
    ]
}
