{
    "playlists": 0,
    "playcount": 128549,
    "gender": "n",
    "name": "RJ",
    "url": "https://www.last.fm/user/RJ",
    "country": "United Kingdom",
    "image": [
        {
            "size": "small",
            "text": "https://lastfm-img2.akamaized.net/i/u/34s/CENSORED.png"
        },
        {
            "size": "medium",
            "text": "https://lastfm-img2.akamaized.net/i/u/64s/CENSORED.png"
        },
        {
            "size": "large",
            "text": "https://lastfm-img2.akamaized.net/i/u/174s/CENSORED.png"
        },
        {
            "size": "extralarge",
            "text": "https://lastfm-img2.akamaized.net/i/u/300x300/CENSORED.png"
        }
    ],
    "age": 0,
    "registered": {
        "timestamp": 1037793040,
        "text": "1037793040"
    },
    "real_name": "Richard Jones "
}
