{
    "data": [
        {
            "attr": {
                "rank": 1
            },
            "mbid": "",
            "name": "Womb Sounds Heartbeat",
            "playcount": 35,
            "url": "https://www.last.fm/music/Womb+Sounds+Heartbeat"
        },
        {
            "attr": {
                "rank": 2
            },
            "mbid": "CENSORED17e3",
            "name": "The Gaslight Anthem",
            "playcount": 10,
            "url": "https://www.last.fm/music/The+Gaslight+Anthem"
        },
        {
            "attr": {
                "rank": 3
            },
            "mbid": "CENSORED40cb",
            "name": "Kacey Musgraves",
            "playcount": 3,
            "url": "https://www.last.fm/music/Kacey+Musgraves"
        },
        {
            "attr": {
                "rank": 4
            },
            "mbid": "",
            "name": "Ferris & Sylvester",
            "playcount": 2,
            "url": "https://www.last.fm/music/Ferris+&+Sylvester"
        },
        {
            "attr": {
                "rank": 5
            },
            "mbid": "CENSORED2cc7",
            "name": "Mario",
            "playcount": 2,
            "url": "https://www.last.fm/music/Mario"
        },
        {
            "attr": {
                "rank": 6
            },
            "mbid": "CENSORED1fed",
            "name": "Nao",
            "playcount": 2,
            "url": "https://www.last.fm/music/Nao"
        },
        {
            "attr": {
                "rank": 7
            },
            "mbid": "",
            "name": "Amber Mark",
            "playcount": 1,
            "url": "https://www.last.fm/music/Amber+Mark"
        },
        {
            "attr": {
                "rank": 8
            },
            "mbid": "",
            "name": "Ar'mon & Trey",
            "playcount": 1,
            "url": "https://www.last.fm/music/Ar%27mon+&+Trey"
        },
        {
            "attr": {
                "rank": 9
            },
            "mbid": "CENSORED299e",
            "name": "Aretha Franklin",
            "playcount": 1,
            "url": "https://www.last.fm/music/Aretha+Franklin"
        },
        {
            "attr": {
                "rank": 10
            },
            "mbid": "CENSORED1726",
            "name": "Brian Deady",
            "playcount": 1,
            "url": "https://www.last.fm/music/Brian+Deady"
        },
        {
            "attr": {
                "rank": 11
            },
            "mbid": "",
            "name": "Catherine McGrath",
            "playcount": 1,
            "url": "https://www.last.fm/music/Catherine+McGrath"
        },
        {
            "attr": {
                "rank": 12
            },
            "mbid": "CENSORED607e",
            "name": "Childish Gambino",
            "playcount": 1,
            "url": "https://www.last.fm/music/Childish+Gambino"
        },
        {
            "attr": {
                "rank": 13
            },
            "mbid": "",
            "name": "Dram",
            "playcount": 1,
            "url": "https://www.last.fm/music/Dram"
        },
        {
            "attr": {
                "rank": 14
            },
            "mbid": "",
            "name": "Enno Aare",
            "playcount": 1,
            "url": "https://www.last.fm/music/Enno+Aare"
        },
        {
            "attr": {
                "rank": 15
            },
            "mbid": "CENSORED0c76",
            "name": "Filmore",
            "playcount": 1,
            "url": "https://www.last.fm/music/Filmore"
        },
        {
            "attr": {
                "rank": 16
            },
            "mbid": "CENSORED5b1a",
            "name": "Fleetwood Mac",
            "playcount": 1,
            "url": "https://www.last.fm/music/Fleetwood+Mac"
        },
        {
            "attr": {
                "rank": 17
            },
            "mbid": "CENSORED65ed",
            "name": "Franz Schubert",
            "playcount": 1,
            "url": "https://www.last.fm/music/Franz+Schubert"
        },
        {
            "attr": {
                "rank": 18
            },
            "mbid": "",
            "name": "Ilham",
            "playcount": 1,
            "url": "https://www.last.fm/music/Ilham"
        },
        {
            "attr": {
                "rank": 19
            },
            "mbid": "CENSOREDefdd",
            "name": "India.Arie",
            "playcount": 1,
            "url": "https://www.last.fm/music/India.Arie"
        },
        {
            "attr": {
                "rank": 20
            },
            "mbid": "",
            "name": "Into The Ark",
            "playcount": 1,
            "url": "https://www.last.fm/music/Into+The+Ark"
        },
        {
            "attr": {
                "rank": 21
            },
            "mbid": "CENSORED05dd",
            "name": "Jackie Wilson",
            "playcount": 1,
            "url": "https://www.last.fm/music/Jackie+Wilson"
        },
        {
            "attr": {
                "rank": 22
            },
            "mbid": "",
            "name": "JamesDavis",
            "playcount": 1,
            "url": "https://www.last.fm/music/JamesDavis"
        },
        {
            "attr": {
                "rank": 23
            },
            "mbid": "",
            "name": "Kiana Led\u00e9",
            "playcount": 1,
            "url": "https://www.last.fm/music/Kiana+Led%C3%A9"
        },
        {
            "attr": {
                "rank": 24
            },
            "mbid": "CENSORED684c",
            "name": "Kylie Minogue",
            "playcount": 1,
            "url": "https://www.last.fm/music/Kylie+Minogue"
        },
        {
            "attr": {
                "rank": 25
            },
            "mbid": "CENSORED8446",
            "name": "Liza",
            "playcount": 1,
            "url": "https://www.last.fm/music/Liza"
        },
        {
            "attr": {
                "rank": 26
            },
            "mbid": "CENSOREDb79f",
            "name": "Maddie & Tae",
            "playcount": 1,
            "url": "https://www.last.fm/music/Maddie+&+Tae"
        },
        {
            "attr": {
                "rank": 27
            },
            "mbid": "",
            "name": "Major.",
            "playcount": 1,
            "url": "https://www.last.fm/music/Major."
        },
        {
            "attr": {
                "rank": 28
            },
            "mbid": "CENSOREDd8aa",
            "name": "Marsha Ambrosius",
            "playcount": 1,
            "url": "https://www.last.fm/music/Marsha+Ambrosius"
        },
        {
            "attr": {
                "rank": 29
            },
            "mbid": "",
            "name": "masego",
            "playcount": 1,
            "url": "https://www.last.fm/music/masego"
        },
        {
            "attr": {
                "rank": 30
            },
            "mbid": "",
            "name": "Melat",
            "playcount": 1,
            "url": "https://www.last.fm/music/Melat"
        },
        {
            "attr": {
                "rank": 31
            },
            "mbid": "CENSOREDfd5d",
            "name": "Nikki Blonsky",
            "playcount": 1,
            "url": "https://www.last.fm/music/Nikki+Blonsky"
        },
        {
            "attr": {
                "rank": 32
            },
            "mbid": "",
            "name": "Njomza",
            "playcount": 1,
            "url": "https://www.last.fm/music/Njomza"
        },
        {
            "attr": {
                "rank": 33
            },
            "mbid": "CENSOREDebb9",
            "name": "Paul Simon",
            "playcount": 1,
            "url": "https://www.last.fm/music/Paul+Simon"
        },
        {
            "attr": {
                "rank": 34
            },
            "mbid": "",
            "name": "Queen Naija",
            "playcount": 1,
            "url": "https://www.last.fm/music/Queen+Naija"
        },
        {
            "attr": {
                "rank": 35
            },
            "mbid": "",
            "name": "R.Lum.R",
            "playcount": 1,
            "url": "https://www.last.fm/music/R.Lum.R"
        },
        {
            "attr": {
                "rank": 36
            },
            "mbid": "",
            "name": "Ro James",
            "playcount": 1,
            "url": "https://www.last.fm/music/Ro+James"
        },
        {
            "attr": {
                "rank": 37
            },
            "mbid": "",
            "name": "Ryan Trey",
            "playcount": 1,
            "url": "https://www.last.fm/music/Ryan+Trey"
        },
        {
            "attr": {
                "rank": 38
            },
            "mbid": "",
            "name": "Sat-B",
            "playcount": 1,
            "url": "https://www.last.fm/music/Sat-B"
        },
        {
            "attr": {
                "rank": 39
            },
            "mbid": "CENSORED80b9",
            "name": "Sauti Sol",
            "playcount": 1,
            "url": "https://www.last.fm/music/Sauti+Sol"
        },
        {
            "attr": {
                "rank": 40
            },
            "mbid": "CENSORED87d4",
            "name": "Shawn Stockman",
            "playcount": 1,
            "url": "https://www.last.fm/music/Shawn+Stockman"
        },
        {
            "attr": {
                "rank": 41
            },
            "mbid": "CENSOREDe986",
            "name": "Stevie Wonder",
            "playcount": 1,
            "url": "https://www.last.fm/music/Stevie+Wonder"
        },
        {
            "attr": {
                "rank": 42
            },
            "mbid": "",
            "name": "Summer Walker",
            "playcount": 1,
            "url": "https://www.last.fm/music/Summer+Walker"
        },
        {
            "attr": {
                "rank": 43
            },
            "mbid": "CENSORED7396",
            "name": "Tamia",
            "playcount": 1,
            "url": "https://www.last.fm/music/Tamia"
        },
        {
            "attr": {
                "rank": 44
            },
            "mbid": "",
            "name": "The Wandering Hearts",
            "playcount": 1,
            "url": "https://www.last.fm/music/The+Wandering+Hearts"
        },
        {
            "attr": {
                "rank": 45
            },
            "mbid": "CENSOREDae52",
            "name": "The Wild Things",
            "playcount": 1,
            "url": "https://www.last.fm/music/The+Wild+Things"
        },
        {
            "attr": {
                "rank": 46
            },
            "mbid": "CENSORED3559",
            "name": "Van Morrison",
            "playcount": 1,
            "url": "https://www.last.fm/music/Van+Morrison"
        },
        {
            "attr": {
                "rank": 47
            },
            "mbid": "",
            "name": "Free Nationals",
            "playcount": 1,
            "url": "https://www.last.fm/music/Free+Nationals"
        }
    ],
    "from_date": 1541160000,
    "to_date": 1541764800,
    "user": "RJ"
}
