{
    "tag": [],
    "attr": {
        "tag": "n/a"
    }
}
