{
    "data": [
        {
            "name": "Stronger",
            "url": "https://www.last.fm/music/Kanye+West/_/Stronger",
            "artist": {
                "mbid": "CENSORED1051",
                "name": "Kanye West",
                "url": "https://www.last.fm/music/Kanye+West"
            },
            "mbid": "CENSOREDaf2d",
            "image": [
                {
                    "size": "small",
                    "text": "https://lastfm-img2.akamaized.net/i/u/34s/CENSORED.png"
                },
                {
                    "size": "medium",
                    "text": "https://lastfm-img2.akamaized.net/i/u/64s/CENSORED.png"
                },
                {
                    "size": "large",
                    "text": "https://lastfm-img2.akamaized.net/i/u/174s/CENSORED.png"
                },
                {
                    "size": "extralarge",
                    "text": "https://lastfm-img2.akamaized.net/i/u/300x300/CENSORED.png"
                }
            ],
            "duration": 314,
            "attr": {
                "rank": 1
            }
        },
        {
            "name": "Clint Eastwood",
            "url": "https://www.last.fm/music/Gorillaz/_/Clint+Eastwood",
            "artist": {
                "mbid": "CENSORED2596",
                "name": "Gorillaz",
                "url": "https://www.last.fm/music/Gorillaz"
            },
            "mbid": "CENSORED47e3",
            "image": [
                {
                    "size": "small",
                    "text": "https://lastfm-img2.akamaized.net/i/u/34s/CENSORED.png"
                },
                {
                    "size": "medium",
                    "text": "https://lastfm-img2.akamaized.net/i/u/64s/CENSORED.png"
                },
                {
                    "size": "large",
                    "text": "https://lastfm-img2.akamaized.net/i/u/174s/CENSORED.png"
                },
                {
                    "size": "extralarge",
                    "text": "https://lastfm-img2.akamaized.net/i/u/300x300/CENSORED.png"
                }
            ],
            "duration": 339,
            "attr": {
                "rank": 2
            }
        }
    ]
}
