{
    "data": [
        {
            "artist": "Green Day",
            "track": "Bang Bang",
            "timestamp": 1541878500
        },
        {
            "artist": "Awolnation",
            "track": "Sail",
            "timestamp": 1541878500
        },
        {
            "artist": "The Head and the Heart",
            "track": "All We Ever Knew",
            "timestamp": 1541878500
        },
        {
            "artist": "Kaleo",
            "track": "Way Down We Go",
            "timestamp": 1541878500
        },
        {
            "artist": "Disturbed",
            "track": "The Sound of Silence",
            "timestamp": 1541878500
        }
    ]
}
