{
    "data": [
        {
            "name": "Welcome to the Jungle",
            "url": "https://www.last.fm/music/Guns+N%27+Roses/_/Welcome+to+the+Jungle",
            "mbid": "",
            "image": [
                {
                    "size": "small",
                    "text": "https://lastfm-img2.akamaized.net/i/u/34s/CENSORED.png"
                },
                {
                    "size": "medium",
                    "text": "https://lastfm-img2.akamaized.net/i/u/64s/CENSORED.png"
                },
                {
                    "size": "large",
                    "text": "https://lastfm-img2.akamaized.net/i/u/174s/CENSORED.png"
                },
                {
                    "size": "extralarge",
                    "text": "https://lastfm-img2.akamaized.net/i/u/300x300/CENSORED.png"
                }
            ],
            "listeners": 1231068,
            "artist": {
                "name": "Guns N' Roses"
            }
        },
        {
            "name": "Guns and Roses",
            "url": "https://www.last.fm/music/Lana+Del+Rey/_/Guns+and+Roses",
            "mbid": "CENSORED545d",
            "image": [
                {
                    "size": "small",
                    "text": "https://lastfm-img2.akamaized.net/i/u/34s/CENSORED.png"
                },
                {
                    "size": "medium",
                    "text": "https://lastfm-img2.akamaized.net/i/u/64s/CENSORED.png"
                },
                {
                    "size": "large",
                    "text": "https://lastfm-img2.akamaized.net/i/u/174s/CENSORED.png"
                },
                {
                    "size": "extralarge",
                    "text": "https://lastfm-img2.akamaized.net/i/u/300x300/CENSORED.png"
                }
            ],
            "listeners": 129126,
            "artist": {
                "name": "Lana Del Rey"
            }
        },
        {
            "name": "Under the Gun",
            "url": "https://www.last.fm/music/The+Killers/_/Under+the+Gun",
            "mbid": "CENSOREDe4f1",
            "image": [
                {
                    "size": "small",
                    "text": "https://lastfm-img2.akamaized.net/i/u/34s/CENSORED.png"
                },
                {
                    "size": "medium",
                    "text": "https://lastfm-img2.akamaized.net/i/u/64s/CENSORED.png"
                },
                {
                    "size": "large",
                    "text": "https://lastfm-img2.akamaized.net/i/u/174s/CENSORED.png"
                },
                {
                    "size": "extralarge",
                    "text": "https://lastfm-img2.akamaized.net/i/u/300x300/CENSORED.png"
                }
            ],
            "listeners": 340744,
            "artist": {
                "name": "The Killers"
            }
        },
        {
            "name": "Paradise City",
            "url": "https://www.last.fm/music/Guns+N%27+Roses/_/Paradise+City",
            "mbid": "CENSORED18d6",
            "image": [
                {
                    "size": "small",
                    "text": "https://lastfm-img2.akamaized.net/i/u/34s/CENSORED.png"
                },
                {
                    "size": "medium",
                    "text": "https://lastfm-img2.akamaized.net/i/u/64s/CENSORED.png"
                },
                {
                    "size": "large",
                    "text": "https://lastfm-img2.akamaized.net/i/u/174s/CENSORED.png"
                },
                {
                    "size": "extralarge",
                    "text": "https://lastfm-img2.akamaized.net/i/u/300x300/CENSORED.png"
                }
            ],
            "listeners": 1092670,
            "artist": {
                "name": "Guns N' Roses"
            }
        },
        {
            "name": "Gun-Shy",
            "url": "https://www.last.fm/music/Grizzly+Bear/_/Gun-Shy",
            "mbid": "CENSORED8564",
            "image": [
                {
                    "size": "small",
                    "text": "https://lastfm-img2.akamaized.net/i/u/34s/CENSORED.png"
                },
                {
                    "size": "medium",
                    "text": "https://lastfm-img2.akamaized.net/i/u/64s/CENSORED.png"
                },
                {
                    "size": "large",
                    "text": "https://lastfm-img2.akamaized.net/i/u/174s/CENSORED.png"
                },
                {
                    "size": "extralarge",
                    "text": "https://lastfm-img2.akamaized.net/i/u/300x300/CENSORED.png"
                }
            ],
            "listeners": 164751,
            "artist": {
                "name": "Grizzly Bear"
            }
        }
    ]
}
