{
    "artist": "AC/DC",
    "track": "Hells Bells",
    "timestamp": 11111111111
}
