{
    "key": "CENSORED",
    "name": "Zaratoustre",
    "subscriber": 0
}
