{
    "data": [
        {
            "artist": {
                "mbid": "CENSORED13d4",
                "name": "Eminem",
                "url": "https://www.last.fm/music/Eminem"
            },
            "attr": {
                "rank": 1
            },
            "image": [
                {
                    "size": "small",
                    "text": "https://lastfm-img2.akamaized.net/i/u/34s/CENSORED.png"
                },
                {
                    "size": "medium",
                    "text": "https://lastfm-img2.akamaized.net/i/u/64s/CENSORED.png"
                },
                {
                    "size": "large",
                    "text": "https://lastfm-img2.akamaized.net/i/u/174s/CENSORED.png"
                },
                {
                    "size": "extralarge",
                    "text": "https://lastfm-img2.akamaized.net/i/u/300x300/CENSORED.png"
                }
            ],
            "mbid": "CENSORED3bd6",
            "name": "The Eminem Show",
            "url": "https://www.last.fm/music/Eminem"
        },
        {
            "artist": {
                "mbid": "CENSORED69a6",
                "name": "Drake",
                "url": "https://www.last.fm/music/Drake"
            },
            "attr": {
                "rank": 2
            },
            "image": [
                {
                    "size": "small",
                    "text": "https://lastfm-img2.akamaized.net/i/u/34s/CENSORED.png"
                },
                {
                    "size": "medium",
                    "text": "https://lastfm-img2.akamaized.net/i/u/64s/CENSORED.png"
                },
                {
                    "size": "large",
                    "text": "https://lastfm-img2.akamaized.net/i/u/174s/CENSORED.png"
                },
                {
                    "size": "extralarge",
                    "text": "https://lastfm-img2.akamaized.net/i/u/300x300/CENSORED.png"
                }
            ],
            "mbid": "",
            "name": "Views",
            "url": "https://www.last.fm/music/Drake"
        }
    ]
}
