{
    "attr": {
        "page": 1,
        "user": "RJ",
        "total": 0,
        "artist": "Trivium",
        "limit": 50,
        "total_pages": 0
    },
    "track": []
}
